[EXPIRY] Selected CE: candle=29Sep26, order=26SEP | PE: candle=29Sep26, order=26SEP
[MARGIN] Available margin: -432.73
[EXPIRY] Selected CE: candle=29Sep26, order=26SEP | PE: candle=29Sep26, order=26SEP
[IDX] 2026-09-23 12:23:00 NIFTY Price=23455.30
[OPTION] NIFTY-29Sep26-23450-CE Price=127.55 Open=130.40 Low=127.55 ST=123.25 Signal=NO_SIGNAL Direction=up
[OPTION] NIFTY-29Sep26-23450-PE Price=105.90 Open=104.40 Low=104.40 ST=108.98 Signal=NO_SIGNAL Direction=down
[IDX] 2026-09-23 12:24:00 NIFTY Price=23453.70
[OPTION] NIFTY-29Sep26-23450-CE Price=127.90 Open=128.20 Low=126.45 ST=123.25 Signal=NO_SIGNAL Direction=up
[OPTION] NIFTY-29Sep26-23450-PE Price=106.00 Open=105.50 Low=105.30 ST=108.98 Signal=NO_SIGNAL Direction=down
[IDX] 2026-09-23 12:25:00 NIFTY Price=23450.40
[OPTION] NIFTY-29Sep26-23450-CE Price=124.80 Open=128.00 Low=124.00 ST=123.25 Signal=NO_SIGNAL Direction=up
[OPTION] NIFTY-29Sep26-23450-PE Price=108.00 Open=105.80 Low=105.80 ST=108.98 Signal=NO_SIGNAL Direction=down
[IDX] 2026-09-23 12:26:00 NIFTY Price=23448.60
[OPTION] NIFTY-29Sep26-23450-CE Price=124.50 Open=124.65 Low=124.00 ST=123.25 Signal=NO_SIGNAL Direction=up
[OPTION] NIFTY-29Sep26-23450-PE Price=108.00 Open=107.95 Low=106.55 ST=108.98 Signal=NO_SIGNAL Direction=down
[IDX] 2026-09-23 12:27:00 NIFTY Price=23453.30
[OPTION] NIFTY-29Sep26-23450-CE Price=125.70 Open=124.65 Low=123.70 ST=123.25 Signal=NO_SIGNAL Direction=up
[OPTION] NIFTY-29Sep26-23450-PE Price=107.05 Open=108.20 Low=106.95 ST=108.98 Signal=NO_SIGNAL Direction=down
[IDX] 2026-09-23 12:28:00 NIFTY Price=23452.95
[OPTION] NIFTY-29Sep26-23450-CE Price=126.10 Open=125.90 Low=124.80 ST=123.25 Signal=NO_SIGNAL Direction=up
[OPTION] NIFTY-29Sep26-23450-PE Price=106.95 Open=106.90 Low=106.25 ST=108.98 Signal=NO_SIGNAL Direction=down
[IDX] 2026-09-23 12:29:00 NIFTY Price=23449.50
[OPTION] NIFTY-29Sep26-23450-CE Price=124.20 Open=125.90 Low=123.35 ST=123.25 Signal=NO_SIGNAL Direction=up
[OPTION] NIFTY-29Sep26-23450-PE Price=108.05 Open=106.60 Low=106.40 ST=108.98 Signal=NO_SIGNAL Direction=down
[IDX] 2026-09-23 12:30:00 NIFTY Price=23449.15
[OPTION] NIFTY-29Sep26-23450-CE Price=122.30 Open=124.70 Low=122.30 ST=123.25 Signal=NO_SIGNAL Direction=up
[OPTION] NIFTY-29Sep26-23450-PE Price=108.85 Open=107.40 Low=106.95 ST=108.98 Signal=NO_SIGNAL Direction=down
[IDX] 2026-09-23 12:31:00 NIFTY Price=23445.30
[OPTION] NIFTY-29Sep26-23450-CE Price=120.65 Open=122.20 Low=120.45 ST=123.25 Signal=NO_SIGNAL Direction=down
[OPTION] NIFTY-29Sep26-23450-PE Price=109.90 Open=108.90 Low=108.45 ST=108.98 Signal=NO_SIGNAL Direction=down
[IDX] 2026-09-23 12:32:00 NIFTY Price=23446.15
[OPTION] NIFTY-29Sep26-23450-CE Price=121.35 Open=120.80 Low=119.40 ST=123.25 Signal=NO_SIGNAL Direction=down
[OPTION] NIFTY-29Sep26-23450-PE Price=109.25 Open=109.85 Low=108.90 ST=108.98 Signal=NO_SIGNAL Direction=up
[IDX] 2026-09-23 12:33:00 NIFTY Price=23449.40
[OPTION] NIFTY-29Sep26-23450-CE Price=125.05 Open=122.15 Low=122.05 ST=123.25 Signal=NO_SIGNAL Direction=down
[OPTION] NIFTY-29Sep26-23450-PE Price=106.20 Open=108.85 Low=105.80 ST=108.98 Signal=NO_SIGNAL Direction=up
